[2026-05-08T19:02:28.484Z] GET https://firebase.google.com/docs/cloud-messaging/web/get-started?hl=es-419 → pending (?ms, ?B)
[2026-05-08T19:02:29.008Z] GET https://fonts.googleapis.com/css?family=Google+Sans:400,500|Roboto:400,400italic,500,500italic,700,700italic|Roboto+Mono:400,500,700&display=swap → 200 (74ms, 62442B)
[2026-05-08T19:02:29.011Z] GET https://fonts.googleapis.com/css2?family=Material+Icons&family=Material+Symbols+Outlined&display=block → 200 (52ms, 1325B)
[2026-05-08T19:02:29.011Z] GET https://www.gstatic.com/devrel-devsite/prod/v1b953b434e2033f0160fd97c99360ee5d4d0a613449c2a694360a72d378b9d8e/firebase/css/app.css → 200 (37ms, 1251761B)
[2026-05-08T19:02:29.011Z] GET https://www.gstatic.com/devrel-devsite/prod/v1b953b434e2033f0160fd97c99360ee5d4d0a613449c2a694360a72d378b9d8e/firebase/css/dark-theme.css → 200 (60ms, 33261B)
[2026-05-08T19:02:29.011Z] GET https://www.gstatic.com/devrel-devsite/prod/v1b953b434e2033f0160fd97c99360ee5d4d0a613449c2a694360a72d378b9d8e/firebase/images/lockup.svg → 200 (71ms, 8192B)
[2026-05-08T19:02:29.124Z] GET https://fonts.gstatic.com/s/googlesans/v67/4UasrENHsxJlGDuGo1OIlJfC6l_24rlCK1Yo_Iqcsih3SAyH6cAwhX9RPjIUvbQoi-E.woff2 → 200 (80ms, 36144B)
[2026-05-08T19:02:29.124Z] GET https://fonts.gstatic.com/s/materialicons/v145/flUhRq6tzZclQEJ-Vdg-IuiaDsNcIhQ8tQ.woff2 → 200 (80ms, 128616B)
[2026-05-08T19:02:29.124Z] GET https://fonts.gstatic.com/s/robotomono/v31/L0x5DF4xlVMF-BfR8bXMIjhLq3-cXbKD.woff2 → 200 (55ms, 32752B)
[2026-05-08T19:02:29.124Z] GET https://www.gstatic.com/devrel-devsite/prod/v1b953b434e2033f0160fd97c99360ee5d4d0a613449c2a694360a72d378b9d8e/firebase/js/app_loader.js → 200 (20ms, 41246B)
[2026-05-08T19:02:29.144Z] GET https://www.gstatic.com/devrel-devsite/prod/v1b953b434e2033f0160fd97c99360ee5d4d0a613449c2a694360a72d378b9d8e/firebase/js/devsite_app_module__es_419.js → 200 (30ms, 179318B)
[2026-05-08T19:02:29.187Z] GET https://www.gstatic.com/devrel-devsite/prod/v1b953b434e2033f0160fd97c99360ee5d4d0a613449c2a694360a72d378b9d8e/firebase/js/devsite_app_custom_elements_module__es_419.js → 200 (51ms, 1124612B)
[2026-05-08T19:02:29.245Z] GET https://www.gstatic.com/devrel-devsite/prod/v1b953b434e2033f0160fd97c99360ee5d4d0a613449c2a694360a72d378b9d8e/firebase/js/devsite_devsite_header_module__es_419.js → 200 (14ms, 6825B)
[2026-05-08T19:02:29.265Z] GET https://www.gstatic.com/devrel-devsite/prod/v1b953b434e2033f0160fd97c99360ee5d4d0a613449c2a694360a72d378b9d8e/firebase/js/devsite_cloudx_free_trial_eligible_store_module__es_419.js → 200 (35ms, 833B)
[2026-05-08T19:02:29.266Z] GET https://www.gstatic.com/devrel-devsite/prod/v1b953b434e2033f0160fd97c99360ee5d4d0a613449c2a694360a72d378b9d8e/firebase/js/devsite_cloudx_track_module__es_419.js → 200 (47ms, 10406B)
[2026-05-08T19:02:29.266Z] GET https://www.gstatic.com/devrel-devsite/prod/v1b953b434e2033f0160fd97c99360ee5d4d0a613449c2a694360a72d378b9d8e/firebase/js/devsite_devsite_a11y_announce_module__es_419.js → 200 (46ms, 703B)
[2026-05-08T19:02:29.266Z] GET https://www.gstatic.com/devrel-devsite/prod/v1b953b434e2033f0160fd97c99360ee5d4d0a613449c2a694360a72d378b9d8e/firebase/js/devsite_devsite_actions_module__es_419.js → 200 (43ms, 610B)
[2026-05-08T19:02:29.266Z] GET https://www.gstatic.com/devrel-devsite/prod/v1b953b434e2033f0160fd97c99360ee5d4d0a613449c2a694360a72d378b9d8e/firebase/js/devsite_devsite_analytics_module__es_419.js → 200 (46ms, 188B)
[2026-05-08T19:02:29.266Z] GET https://www.gstatic.com/devrel-devsite/prod/v1b953b434e2033f0160fd97c99360ee5d4d0a613449c2a694360a72d378b9d8e/firebase/js/devsite_devsite_appearance_selector_module__es_419.js → 200 (45ms, 6493B)
[2026-05-08T19:02:29.266Z] GET https://www.gstatic.com/devrel-devsite/prod/v1b953b434e2033f0160fd97c99360ee5d4d0a613449c2a694360a72d378b9d8e/firebase/js/devsite_devsite_badger_module__es_419.js → 200 (43ms, 4084B)
[2026-05-08T19:02:29.267Z] GET https://www.gstatic.com/devrel-devsite/prod/v1b953b434e2033f0160fd97c99360ee5d4d0a613449c2a694360a72d378b9d8e/firebase/js/devsite_devsite_book_nav_module__es_419.js → 200 (41ms, 12990B)
[2026-05-08T19:02:29.267Z] GET https://www.gstatic.com/devrel-devsite/prod/v1b953b434e2033f0160fd97c99360ee5d4d0a613449c2a694360a72d378b9d8e/firebase/js/devsite_devsite_bookmark_module__es_419.js → 200 (39ms, 58614B)
[2026-05-08T19:02:29.267Z] GET https://www.gstatic.com/devrel-devsite/prod/v1b953b434e2033f0160fd97c99360ee5d4d0a613449c2a694360a72d378b9d8e/firebase/js/devsite_devsite_code_module__es_419.js → 200 (41ms, 159B)
[2026-05-08T19:02:29.267Z] GET https://www.gstatic.com/devrel-devsite/prod/v1b953b434e2033f0160fd97c99360ee5d4d0a613449c2a694360a72d378b9d8e/firebase/js/devsite_devsite_concierge_module__es_419.js → 200 (39ms, 14673B)
[2026-05-08T19:02:29.267Z] GET https://www.gstatic.com/devrel-devsite/prod/v1b953b434e2033f0160fd97c99360ee5d4d0a613449c2a694360a72d378b9d8e/firebase/js/devsite_devsite_content_module__es_419.js → 200 (41ms, 10274B)
[2026-05-08T19:02:29.267Z] GET https://www.gstatic.com/devrel-devsite/prod/v1b953b434e2033f0160fd97c99360ee5d4d0a613449c2a694360a72d378b9d8e/firebase/js/devsite_devsite_cookie_notification_bar_module__es_419.js → 200 (37ms, 2740B)
[2026-05-08T19:02:29.267Z] GET https://www.gstatic.com/devrel-devsite/prod/v1b953b434e2033f0160fd97c99360ee5d4d0a613449c2a694360a72d378b9d8e/firebase/js/devsite_devsite_feature_tooltip_module__es_419.js → 200 (38ms, 30430B)
[2026-05-08T19:02:29.267Z] GET https://www.gstatic.com/devrel-devsite/prod/v1b953b434e2033f0160fd97c99360ee5d4d0a613449c2a694360a72d378b9d8e/firebase/js/devsite_devsite_feedback_module__es_419.js → 200 (46ms, 179B)
[2026-05-08T19:02:29.267Z] GET https://www.gstatic.com/devrel-devsite/prod/v1b953b434e2033f0160fd97c99360ee5d4d0a613449c2a694360a72d378b9d8e/firebase/js/devsite_devsite_footer_linkboxes_module__es_419.js → 200 (37ms, 449B)
[2026-05-08T19:02:29.267Z] GET https://www.gstatic.com/devrel-devsite/prod/v1b953b434e2033f0160fd97c99360ee5d4d0a613449c2a694360a72d378b9d8e/firebase/js/devsite_devsite_footer_promos_module__es_419.js → 200 (47ms, 443B)
[2026-05-08T19:02:29.267Z] GET https://www.gstatic.com/devrel-devsite/prod/v1b953b434e2033f0160fd97c99360ee5d4d0a613449c2a694360a72d378b9d8e/firebase/js/devsite_devsite_footer_utility_module__es_419.js → 200 (47ms, 485B)
[2026-05-08T19:02:29.268Z] GET https://www.gstatic.com/devrel-devsite/prod/v1b953b434e2033f0160fd97c99360ee5d4d0a613449c2a694360a72d378b9d8e/firebase/js/devsite_devsite_hats_survey_module__es_419.js → 200 (35ms, 4737B)
[2026-05-08T19:02:29.268Z] GET https://www.gstatic.com/devrel-devsite/prod/v1b953b434e2033f0160fd97c99360ee5d4d0a613449c2a694360a72d378b9d8e/firebase/js/devsite_devsite_heading_link_module__es_419.js → 200 (45ms, 2778B)
[2026-05-08T19:02:29.268Z] GET https://www.gstatic.com/devrel-devsite/prod/v1b953b434e2033f0160fd97c99360ee5d4d0a613449c2a694360a72d378b9d8e/firebase/js/devsite_devsite_language_selector_module__es_419.js → 200 (35ms, 7140B)
[2026-05-08T19:02:29.268Z] GET https://www.gstatic.com/devrel-devsite/prod/v1b953b434e2033f0160fd97c99360ee5d4d0a613449c2a694360a72d378b9d8e/firebase/js/devsite_devsite_llm_tools_module__es_419.js → 200 (46ms, 3152B)
[2026-05-08T19:02:29.269Z] GET https://www.gstatic.com/devrel-devsite/prod/v1b953b434e2033f0160fd97c99360ee5d4d0a613449c2a694360a72d378b9d8e/firebase/js/devsite_devsite_notification_module__es_419.js → 200 (32ms, 821B)
[2026-05-08T19:02:29.269Z] GET https://www.gstatic.com/devrel-devsite/prod/v1b953b434e2033f0160fd97c99360ee5d4d0a613449c2a694360a72d378b9d8e/firebase/js/devsite_devsite_panel_module__es_419.js → 200 (33ms, 166B)
[2026-05-08T19:02:29.269Z] GET https://www.gstatic.com/devrel-devsite/prod/v1b953b434e2033f0160fd97c99360ee5d4d0a613449c2a694360a72d378b9d8e/firebase/js/devsite_devsite_progress_module__es_419.js → 200 (32ms, 847B)
[2026-05-08T19:02:29.269Z] GET https://www.gstatic.com/devrel-devsite/prod/v1b953b434e2033f0160fd97c99360ee5d4d0a613449c2a694360a72d378b9d8e/firebase/js/devsite_devsite_recommendations_sidebar_module__es_419.js → 200 (32ms, 3405B)
[2026-05-08T19:02:29.269Z] GET https://www.gstatic.com/devrel-devsite/prod/v1b953b434e2033f0160fd97c99360ee5d4d0a613449c2a694360a72d378b9d8e/firebase/js/devsite_devsite_search_module__es_419.js → 200 (31ms, 12081B)
[2026-05-08T19:02:29.269Z] GET https://www.gstatic.com/devrel-devsite/prod/v1b953b434e2033f0160fd97c99360ee5d4d0a613449c2a694360a72d378b9d8e/firebase/js/devsite_devsite_selector_module__es_419.js → pending (?ms, ?B)
[2026-05-08T19:02:29.270Z] GET https://www.gstatic.com/devrel-devsite/prod/v1b953b434e2033f0160fd97c99360ee5d4d0a613449c2a694360a72d378b9d8e/firebase/js/devsite_devsite_sitemask_module__es_419.js → 200 (44ms, 1348B)
[2026-05-08T19:02:29.270Z] GET https://www.gstatic.com/devrel-devsite/prod/v1b953b434e2033f0160fd97c99360ee5d4d0a613449c2a694360a72d378b9d8e/firebase/js/devsite_devsite_snackbar_module__es_419.js → 200 (46ms, 7191B)
[2026-05-08T19:02:29.270Z] GET https://www.gstatic.com/devrel-devsite/prod/v1b953b434e2033f0160fd97c99360ee5d4d0a613449c2a694360a72d378b9d8e/firebase/js/devsite_devsite_tabs_module__es_419.js → 200 (43ms, 159B)
[2026-05-08T19:02:29.270Z] GET https://www.gstatic.com/devrel-devsite/prod/v1b953b434e2033f0160fd97c99360ee5d4d0a613449c2a694360a72d378b9d8e/firebase/js/devsite_devsite_thumb_rating_module__es_419.js → 200 (45ms, 16199B)
[2026-05-08T19:02:29.270Z] GET https://www.gstatic.com/devrel-devsite/prod/v1b953b434e2033f0160fd97c99360ee5d4d0a613449c2a694360a72d378b9d8e/firebase/js/devsite_devsite_toc_module__es_419.js → 200 (46ms, 8274B)
[2026-05-08T19:02:29.270Z] GET https://www.gstatic.com/devrel-devsite/prod/v1b953b434e2033f0160fd97c99360ee5d4d0a613449c2a694360a72d378b9d8e/firebase/js/devsite_devsite_tooltip_module__es_419.js → 200 (45ms, 3739B)
[2026-05-08T19:02:29.270Z] GET https://www.gstatic.com/devrel-devsite/prod/v1b953b434e2033f0160fd97c99360ee5d4d0a613449c2a694360a72d378b9d8e/firebase/js/devsite_devsite_user_module__es_419.js → 200 (45ms, 165B)
[2026-05-08T19:02:29.270Z] GET https://www.gstatic.com/devrel-devsite/prod/v1b953b434e2033f0160fd97c99360ee5d4d0a613449c2a694360a72d378b9d8e/firebase/js/devsite_devsite_view_release_notes_module__es_419.js → 200 (46ms, 1952B)
[2026-05-08T19:02:29.270Z] GET https://www.gstatic.com/devrel-devsite/prod/v1b953b434e2033f0160fd97c99360ee5d4d0a613449c2a694360a72d378b9d8e/firebase/js/devsite_firebase_gtm_module__es_419.js → 200 (45ms, 869B)
[2026-05-08T19:02:29.270Z] GET https://www.gstatic.com/devrel-devsite/prod/v1b953b434e2033f0160fd97c99360ee5d4d0a613449c2a694360a72d378b9d8e/firebase/js/devsite_firebase_utm_module__es_419.js → 200 (45ms, 1051B)
[2026-05-08T19:02:29.311Z] GET https://www.gstatic.com/feedback/js/help/prod/service/lazy.min.js → 200 (13ms, 127604B)
[2026-05-08T19:02:29.312Z] GET https://www.gstatic.com/glue/cookienotificationbar/config/2a.json?hl=es-419 → 200 (10ms, 22B)
[2026-05-08T19:02:29.314Z] GET https://www.gstatic.com/devrel-devsite/prod/v1b953b434e2033f0160fd97c99360ee5d4d0a613449c2a694360a72d378b9d8e/firebase/js/devsite_devsite_concierge_ai_panel_module__es_419.js → 200 (9ms, 177B)
[2026-05-08T19:02:29.316Z] GET https://www.gstatic.com/devrel-devsite/prod/v1b953b434e2033f0160fd97c99360ee5d4d0a613449c2a694360a72d378b9d8e/firebase/js/devsite_devsite_dialog_module__es_419.js → 200 (7ms, 163B)
[2026-05-08T19:02:29.316Z] GET https://www.gstatic.com/devrel-devsite/prod/v1b953b434e2033f0160fd97c99360ee5d4d0a613449c2a694360a72d378b9d8e/firebase/js/devsite_devsite_fast_track_profile_creator_module__es_419.js → 200 (7ms, 212B)
[2026-05-08T19:02:29.320Z] GET https://www.gstatic.com/devrel-devsite/prod/v1b953b434e2033f0160fd97c99360ee5d4d0a613449c2a694360a72d378b9d8e/firebase/js/devsite_devsite_badge_awarded_module__es_419.js → 200 (7ms, 189B)
[2026-05-08T19:02:29.330Z] POST https://firebase.google.com/_d/profile/ogb?hl=es-419 → pending (?ms, ?B)
[2026-05-08T19:02:29.331Z] GET https://www.gstatic.com/devrel-devsite/prod/v1b953b434e2033f0160fd97c99360ee5d4d0a613449c2a694360a72d378b9d8e/firebase/js/devsite_devsite_callout_notification_module__es_419.js → 200 (13ms, 202B)
[2026-05-08T19:02:29.331Z] GET https://www.gstatic.com/devrel-devsite/prod/v1b953b434e2033f0160fd97c99360ee5d4d0a613449c2a694360a72d378b9d8e/firebase/js/devsite_devsite_callout_module__es_419.js → 200 (13ms, 5165B)
[2026-05-08T19:02:29.332Z] GET https://www.gstatic.com/devrel-devsite/prod/v1b953b434e2033f0160fd97c99360ee5d4d0a613449c2a694360a72d378b9d8e/firebase/js/devsite_devsite_mwc_module__es_419.js → 200 (12ms, 17053B)
[2026-05-08T19:02:29.332Z] GET https://www.gstatic.com/devrel-devsite/prod/v1b953b434e2033f0160fd97c99360ee5d4d0a613449c2a694360a72d378b9d8e/firebase/js/devsite_devsite_spinner_module__es_419.js → 200 (12ms, 165B)
[2026-05-08T19:02:29.332Z] GET https://firebase.google.com/_d/alternate-gtm?hl=es-419&referrer= → pending (?ms, ?B)
[2026-05-08T19:02:29.339Z] POST https://developerprofiles-pa.clients6.google.com/$rpc/google.internal.developerprofiles.v1.content.ContentService/ListReleaseNotesHistory → pending (?ms, ?B)
[2026-05-08T19:02:29.339Z] GET https://www.gstatic.com/devrel-devsite/prod/v1b953b434e2033f0160fd97c99360ee5d4d0a613449c2a694360a72d378b9d8e/firebase/js/devsite_devsite_dropdown_list_module__es_419.js → 200 (9ms, 188B)
[2026-05-08T19:02:29.339Z] GET https://www.gstatic.com/devrel-devsite/prod/v1b953b434e2033f0160fd97c99360ee5d4d0a613449c2a694360a72d378b9d8e/firebase/js/devsite_devsite_view_release_notes_dialog_module__es_419.js → 200 (9ms, 4459B)
[2026-05-08T19:02:29.340Z] GET https://apis.google.com/js/client.js → 200 (51ms, 14582B)
[2026-05-08T19:02:29.349Z] GET https://www.gstatic.com/devrel-devsite/prod/v1b953b434e2033f0160fd97c99360ee5d4d0a613449c2a694360a72d378b9d8e/firebase/js/devsite_devsite_checkbox_module__es_419.js → 200 (8ms, 5338B)
[2026-05-08T19:02:29.393Z] GET https://apis.google.com/_/scs/abc-static/_/js/k=gapi.lb.en.gSqfLc8WnvU.O/m=client/rt=j/sv=1/d=1/ed=1/rs=AHpOoo_cXXGArE2dtw6vkGR2NQ_1f5L3AQ/cb=gapi.loaded_0?le=scs → 200 (30ms, 325937B)
[2026-05-08T19:02:29.441Z] GET https://feedback-pa.clients6.google.com/static/proxy.html?usegapi=1&jsh=m%3B%2F_%2Fscs%2Fabc-static%2F_%2Fjs%2Fk%3Dgapi.lb.en.gSqfLc8WnvU.O%2Fd%3D1%2Frs%3DAHpOoo_cXXGArE2dtw6vkGR2NQ_1f5L3AQ%2Fm%3D__features__ → pending (?ms, ?B)
[2026-05-08T19:02:29.576Z] GET https://www.googletagmanager.com/gtm.js?id=GTM-KFPLMHC → 200 (75ms, 477817B)
[2026-05-08T19:02:29.627Z] POST https://firebase.google.com/_d/profile/user?hl=es-419 → 200 (254ms, 2B)
[2026-05-08T19:02:29.737Z] GET https://apis.google.com/js/googleapis.proxy.js?onload=startup → 200 (14ms, 14598B)
[2026-05-08T19:02:29.753Z] GET https://apis.google.com/_/scs/abc-static/_/js/k=gapi.lb.en.gSqfLc8WnvU.O/m=googleapis_proxy/rt=j/sv=1/d=1/ed=1/rs=AHpOoo_cXXGArE2dtw6vkGR2NQ_1f5L3AQ/cb=gapi.loaded_0?le=scs → 200 (15ms, 79636B)
[2026-05-08T19:02:29.773Z] POST https://feedback-pa.clients6.google.com/v1/survey/startup_config?key=AIzaSyCB6OnnfuitFnaYWu4BvtGKaoLFk4cm-GE → pending (?ms, ?B)
[2026-05-08T19:02:29.890Z] GET https://www.gstatic.com/devrel-devsite/prod/v1b953b434e2033f0160fd97c99360ee5d4d0a613449c2a694360a72d378b9d8e/firebase/images/lockup.svg → 200 (1ms, 8192B)
[2026-05-08T19:02:29.890Z] GET https://www.googletagmanager.com/gtm.js?id=GTM-N84485 → 200 (29ms, 450356B)
[2026-05-08T19:02:29.890Z] GET https://www.googletagmanager.com/gtm.js?id=GTM-NDV7K7V5&l=atDataLayer → 200 (50ms, 404872B)
[2026-05-08T19:02:29.939Z] GET https://www.googletagmanager.com/gtag/js?id=G-CW55HF8NVT&cx=c&gtm=4e6562 → 200 (150ms, 446494B)
[2026-05-08T19:02:29.955Z] GET https://www.googletagmanager.com/gtag/js?id=G-64EQFFKSHW&l=atDataLayer&cx=c&gtm=4e6562 → 200 (167ms, 416829B)
[2026-05-08T19:02:30.119Z] POST https://analytics.google.com/g/collect?v=2&tid=G-CW55HF8NVT&gtm=45je6562v9101113212z872040039za20gzb72040039zd72040039&_p=1778266949887&_gaz=1&gcs=G111&gcd=13r3r3r3r5l1&npa=0&dma=0&_eu=EAAAAGA&_ng=1&are=1&cid=1422902837.1778266950&frm=0&ir=1&pscdl=noapi&rcb=6&sr=1280x720&uaa=arm&uab=64&uafvl=Not%253AA-Brand%3B99.0.0.0%7CHeadlessChrome%3B145.0.7632.6%7CChromium%3B145.0.7632.6&uam=&uamb=0&uap=macOS&uapv=26.2.0&uaw=0&ul=en-us&gaf=2&_s=1&tag_exp=0~115938465~115938468~118463261~118694324&dl=https%3A%2F%2Ffirebase.google-b197145817.com%2Fdocs%2Fcloud-messaging%2Fweb%2Fget-started%2F&sid=1778266950&sct=1&seg=0&dt=Comienza%20a%20usar%20Firebase%20Cloud%20Messaging%20en%20apps%20web&en=page_view&_fv=1&_nsi=1&_ss=1&ep.page_locale=default&ep.is_eea=false&ep.container_id_and_version=GTM-N84485%3A50&ep.language_requested=es-419&ep.language_served=es-419&ep.percent_scrolled=0&ep.scroll_increment=0&ep.scroll_instance=1&tfd=1622 → 204 (51ms, ?B)
[2026-05-08T19:02:30.119Z] POST https://stats.g.doubleclick.net/g/collect?v=2&_ng=1&tid=G-CW55HF8NVT&cid=1422902837.1778266950&gtm=45je6562v9101113212z872040039za20gzb72040039zd72040039&rcb=6&aip=1&dma=0&gcs=G111&gcd=13r3r3r3r5l1&npa=0&frm=0&tag_exp=0~115938465~115938468~118463261~118694324 → 204 (52ms, ?B)
[2026-05-08T19:02:30.119Z] GET https://www.google.cl/ads/ga-audiences?v=1&t=sr&slf_rd=1&_r=4&_ng=1&tid=G-CW55HF8NVT&cid=1422902837.1778266950&gtm=45je6562v9101113212z872040039za20gzb72040039zd72040039&rcb=6&aip=1&dma=0&gcs=G111&gcd=13r3r3r3r5l1&npa=0&frm=0&tag_exp=0~115938465~115938468~118463261~118694324&z=286631873 → 200 (65ms, 42B)
[2026-05-08T19:02:30.145Z] POST https://www.google-analytics.com/g/collect?v=2&tid=G-64EQFFKSHW&gtm=45je6562v9185711061z89183356566za20gzb9183356566zd9183356566&_p=1778266949887&gcs=G111&gcd=13r3r3r3r5l1&npa=0&dma=0&are=1&cid=1422902837.1778266950&frm=0&pscdl=noapi&rcb=18&sr=1280x720&uaa=arm&uab=64&uafvl=Not%253AA-Brand%3B99.0.0.0%7CHeadlessChrome%3B145.0.7632.6%7CChromium%3B145.0.7632.6&uam=&uamb=0&uap=macOS&uapv=26.2.0&uaw=0&ul=en-us&_s=1&tag_exp=0~115938465~115938468~118128923~118463261~118494633&dl=https%3A%2F%2Ffirebase.google.com%2Fdocs%2Fcloud-messaging%2Fweb%2Fget-started&dt=Comienza%20a%20usar%20Firebase%20Cloud%20Messaging%20en%20apps%20web&sid=1778266950&sct=1&seg=0&en=page_view&_fv=2&_ss=1&ep.allowLinker=true&ep.anonymizeIp=true&ep.location=https%3A%2F%2F&ep.alwaysSendReferrer=true&ep.legacyHistoryImport=false&ep.storage=false&ep.experimentIds=&ep.langMachineTranslated=False&ep.langRequested=es-419&ep.langServed=es-419&ep.tenant=firebase&ep.contentType=guide&ep.inPreferredLanguage=True&ep.recommendationExperiment=&epn.recommendationSourceDescriptionWords=0&epn.recommendationSourceIdentDescriptions=0&ep.recommendationSourcePage=&epn.recommendationSourceRank=0&epn.recommendationSourceTitleWords=0&epn.recommendationSourceType=0&up.internalUser=False&up.signedIn=False&tfd=1649 → 204 (51ms, ?B)
[2026-05-08T19:02:30.585Z] POST https://feedback-pa.clients6.google.com/v1/survey/trigger/trigger_anonymous?key=AIzaSyCCxcqdrZ_7QMeLCRY20bh_SXdAYqy70KY → 200 (218ms, 33B)
[2026-05-08T19:02:31.832Z] POST https://cloud.google.com/log?format=json&hasfast=true&authuser=0 → 200 (79ms, 131B)
[2026-05-08T19:02:32.216Z] GET https://www.gstatic.com/devrel-devsite/prod/v1b953b434e2033f0160fd97c99360ee5d4d0a613449c2a694360a72d378b9d8e/firebase/images/lockup-google-for-developers.svg → 200 (?ms, 6837B)
[2026-05-08T19:02:35.151Z] POST https://www.google-analytics.com/g/collect?v=2&tid=G-64EQFFKSHW&gtm=45je6562v9185711061z89183356566za20gzb9183356566zd9183356566&_p=1778266949887&gcs=G111&gcd=13r3r3r3r5l1&npa=0&dma=0&_eu=AAAAAAQ&are=1&cid=1422902837.1778266950&frm=0&pscdl=noapi&rcb=18&sr=1280x720&uaa=arm&uab=64&uafvl=Not%253AA-Brand%3B99.0.0.0%7CHeadlessChrome%3B145.0.7632.6%7CChromium%3B145.0.7632.6&uam=&uamb=0&uap=macOS&uapv=26.2.0&uaw=0&ul=en-us&_s=2&tag_exp=0~115938465~115938468~118128923~118463261~118494633&sid=1778266950&sct=1&seg=0&dl=https%3A%2F%2Ffirebase.google.com%2Fdocs%2Fcloud-messaging%2Fweb%2Fget-started%3Fhl%3Des-419&dt=Comienza%20a%20usar%20Firebase%20Cloud%20Messaging%20en%20apps%20web&en=Page%20Performance&ep.allowLinker=true&ep.anonymizeIp=true&ep.location=https%3A%2F%2F&ep.alwaysSendReferrer=true&ep.legacyHistoryImport=false&ep.storage=false&ep.experimentIds=&ep.langMachineTranslated=False&ep.langRequested=es-419&ep.langServed=es-419&ep.tenant=firebase&ep.contentType=guide&ep.inPreferredLanguage=True&ep.eventAction=upgradeElements&ep.eventLabel=Paint%20Performance&epn.value=632.3000000119209&_et=12&tfd=6663 → 204 (23ms, ?B)
[2026-05-08T19:02:39.901Z] POST https://play.google.com/log?format=json&hasfast=true&authuser=0 → 200 (157ms, 131B)
[2026-05-08T19:04:29.976Z] POST https://analytics.google.com/g/collect?v=2&tid=G-CW55HF8NVT&gtm=45je6562v9101113212z872040039za20gzb72040039zd72040039&_p=1778266949887&_gaz=1&gcs=G111&gcd=13r3r3r3r5l1&npa=0&dma=0&_eu=EAAAAGQ&_ng=1&are=1&cid=1422902837.1778266950&frm=0&ir=1&pscdl=noapi&rcb=6&sr=1280x720&uaa=arm&uab=64&uafvl=Not%253AA-Brand%3B99.0.0.0%7CHeadlessChrome%3B145.0.7632.6%7CChromium%3B145.0.7632.6&uam=&uamb=0&uap=macOS&uapv=26.2.0&uaw=0&ul=en-us&gaf=2&_s=2&tag_exp=0~115938465~115938468~118463261~118694324&dl=https%3A%2F%2Ffirebase.google-b197145817.com%2Fdocs%2Fcloud-messaging%2Fweb%2Fget-started%2F&sid=1778266950&sct=1&seg=1&dt=Comienza%20a%20usar%20Firebase%20Cloud%20Messaging%20en%20apps%20web&en=firebase_2mins_or_more&ep.page_locale=default&ep.is_eea=false&ep.container_id_and_version=GTM-N84485%3A50&ep.language_requested=es-419&ep.language_served=es-419&_et=119859&tfd=121486 → 204 (29ms, ?B)
[2026-05-08T19:04:29.976Z] GET https://www.google.cl/ads/ga-audiences?v=1&t=sr&slf_rd=1&_r=4&_ng=1&tid=G-CW55HF8NVT&cid=1422902837.1778266950&gtm=45je6562v9101113212z872040039za20gzb72040039zd72040039&rcb=6&aip=1&dma=0&gcs=G111&gcd=13r3r3r3r5l1&npa=0&frm=0&tag_exp=0~115938465~115938468~118463261~118694324&z=737385925 → 200 (32ms, 42B)
